0A6: JMP   $009C
0A7: JMP   $00B0
0B0: JPL   $00B6
0B6: LXI   #$1
0B7: LYI   #$B
0B8: TBIT  0
0B9: JPL   $00C8
0C8: LYI   #$8
0C9: LXI   #$6
0CA: L
0CB: LXI   #$0
0CC: ST
0CD: ICY
0CE: CYI   #$A
0CF: JMP   $00C9
0C9: LXI   #$6
0CA: L
0CB: LXI   #$0
0CC: ST
0CD: ICY
0CE: CYI   #$A
0CF: JMP   $00C9
0D0: JMP   $00D6
0D6: LXI   #$1
0D7: LYI   #$B
0D8: TBIT  1
0D9: JMP   $00E7
0E7: LYI   #$A
0E8: LXI   #$6
0E9: L
0EA: LXI   #$0
0EB: ST
0EC: ICY
0ED: CYI   #$C
0EE: JMP   $00E8
0E8: LXI   #$6
0E9: L
0EA: LXI   #$0
0EB: ST
0EC: ICY
0ED: CYI   #$C
0EE: JMP   $00E8
0EF: JMP   $00F6
0F6: LXI   #$1
0F7: LYI   #$7
0F8: TBIT  3
0F9: JMP   $00FE
0FA: LYI   #$9
0FB: SBIT  3
0FC: JPL   $0108
108: LYI   #$A
109: TBIT  0
10A: JMP   $0116
10B: LYI   #$7
10C: TBIT  2
10D: JMP   $0111
10E: LYI   #$A
10F: SBIT  2
110: JMP   $0116
116: LYI   #$7
117: TBIT  1
118: JMP   $011C
119: LYI   #$9
11A: SBIT  1
11B: JMP   $0121
121: LXI   #$5
122: LYI   #$E
123: TBIT  0
124: JMP   $0130
130: LI    #$A
131: TATH
132: LI    #$E
133: TATL
134: XD    1
135: XX
136: XYD   4
137: XD    0
138: RTI
15F: LXI   #$4
160: LYI   #$1
161: ICM
162: JMP   $0165
165: XD    2
166: AI    #$F
167: JMP   $016A
168: XD    2
169: JMP   $014D
14D: LYI   #$1
14E: L
14F: RSTC
150: OUTO
151: LYI   #$2
152: L
153: SETC
154: OUTO
155: LXI   #$7
156: XYD   7
157: INK
158: ST
159: INK
15A: EOR
15B: TSTZ
15C: JMP   $0157
15D: ICY
15E: XYD   7
15F: LXI   #$4
160: LYI   #$1
161: ICM
162: JMP   $0165
165: XD    2
166: AI    #$F
167: JMP   $016A
168: XD    2
169: JMP   $014D
14D: LYI   #$1
14E: L
14F: RSTC
150: OUTO
151: LYI   #$2
152: L
153: SETC
154: OUTO
155: LXI   #$7
156: XYD   7
157: INK
158: ST
159: INK
15A: EOR
15B: TSTZ
15C: JMP   $0157
15D: ICY
15E: XYD   7

   (loops for 7 instructions)

16A: LXI   #$4
16B: LYI   #$7
16C: RBIT  0
16D: LYI   #$C
16E: SETR
16F: LYI   #$D
170: SETR
171: RTS
496: LI    #$0
497: LXI   #$7
498: LYI   #$0
499: TBIT  0
49A: JMP   $04A0
4A0: LXI   #$7
4A1: LYI   #$0
4A2: TBIT  1
4A3: JMP   $04A9
4A9: LXI   #$7
4AA: LYI   #$0
4AB: TBIT  2
4AC: JPL   $04B3
4AE: LXI   #$3
4AF: LYI   #$A
4B0: C
4B1: JPL   $04BE
4BE: LYI   #$1
4BF: CALL  $045B
45B: XYD   7
45C: LYI   #$1
45D: XYD   7
45E: LXI   #$7
45F: L
460: ICY
461: XYD   7
462: LXI   #$4
463: ST
464: ICY
465: CYI   #$4
466: JPL   $045D
45D: XYD   7
45E: LXI   #$7
45F: L
460: ICY
461: XYD   7
462: LXI   #$4
463: ST
464: ICY
465: CYI   #$4
466: JPL   $045D

   (loops for 10 instructions)

468: RTS
4C1: JPL   $04BD
4BD: RTS
7B2: JPL   $0706
706: LXI   #$0
707: LYI   #$E
708: TTLA
709: STIC
70A: TTHA
70B: ST
70C: CALL  $0176
176: LXI   #$4
177: LYI   #$7
178: SBIT  0
179: LYI   #$3
17A: L
17B: CI    #$3
17C: JPL   $0183
183: CI    #$2
184: JMP   $0186
186: LYI   #$C
187: RSTR
188: LYI   #$1
189: L
18A: RSTC
18B: OUTO
18C: LYI   #$2
18D: L
18E: SETC
18F: OUTO
190: LYI   #$0
191: INK
192: ST
193: INK
194: EOR
195: TSTZ
196: JMP   $0191
197: L
198: LYI   #$1
199: ICM
19A: JMP   $019D
19D: LYI   #$7
19E: RBIT  0
19F: LYI   #$C
1A0: SETR
1A1: LYI   #$D
1A2: SETR
1A3: RTS
70E: JPA   #$1D
744: CALL  $06BC
6BC: CALL  $0176
176: LXI   #$4
177: LYI   #$7
178: SBIT  0
179: LYI   #$3
17A: L
17B: CI    #$3
17C: JPL   $0183
183: CI    #$2
184: JMP   $0186
186: LYI   #$C
187: RSTR
188: LYI   #$1
189: L
18A: RSTC
18B: OUTO
18C: LYI   #$2
18D: L
18E: SETC
18F: OUTO
190: LYI   #$0
191: INK
192: ST
193: INK
194: EOR
195: TSTZ
196: JMP   $0191
197: L
198: LYI   #$1
199: ICM
19A: JMP   $019D
19D: LYI   #$7
19E: RBIT  0
19F: LYI   #$C
1A0: SETR
1A1: LYI   #$D
1A2: SETR
1A3: RTS
6BE: TAY
6BF: XYD   5
6C0: RTS
746: JPL   $0706
706: LXI   #$0
707: LYI   #$E
708: TTLA
709: STIC
70A: TTHA
70B: ST
70C: CALL  $0176
176: LXI   #$4
177: LYI   #$7
178: SBIT  0
179: LYI   #$3
17A: L
17B: CI    #$3
17C: JPL   $0183
183: CI    #$2
184: JMP   $0186
186: LYI   #$C
187: RSTR
188: LYI   #$1
189: L
18A: RSTC
18B: OUTO
18C: LYI   #$2
18D: L
18E: SETC
18F: OUTO
190: LYI   #$0
191: INK
192: ST
193: INK
194: EOR
195: TSTZ
196: JMP   $0191
197: L
198: LYI   #$1
199: ICM
19A: JMP   $019D
19D: LYI   #$7
19E: RBIT  0
19F: LYI   #$C
1A0: SETR
1A1: LYI   #$D
1A2: SETR
1A3: RTS
70E: JPA   #$1D
778: CALL  $0176
176: LXI   #$4
177: LYI   #$7
178: SBIT  0
179: LYI   #$3
17A: L
17B: CI    #$3
17C: JPL   $0183
183: CI    #$2
184: JMP   $0186
186: LYI   #$C
187: RSTR
188: LYI   #$1
189: L
18A: RSTC
18B: OUTO
18C: LYI   #$2
18D: L
18E: SETC
18F: OUTO
190: LYI   #$0
191: INK
192: ST
193: INK
194: EOR
195: TSTZ
196: JMP   $0191
197: L
198: LYI   #$1
199: ICM
19A: JMP   $019D
19D: LYI   #$7
19E: RBIT  0
19F: LYI   #$C
1A0: SETR
1A1: LYI   #$D
1A2: SETR
1A3: RTS
77A: JPA   #$1E
7B0: CALL  $0493
493: LI    #$3
494: CALL  $0139
139: XD    2
13A: LXI   #$4
13B: LYI   #$7
13C: SBIT  0
13D: LYI   #$3
13E: L
13F: CI    #$3
140: JMP   $0146
146: CI    #$2
147: JMP   $0149
149: LYI   #$C
14A: RSTR
14B: LYI   #$0
14C: XYD   7
14D: LYI   #$1
14E: L
14F: RSTC
150: OUTO
151: LYI   #$2
152: L
153: SETC
154: OUTO
155: LXI   #$7
156: XYD   7
157: INK
158: ST
159: INK
15A: EOR
15B: TSTZ
15C: JMP   $0157
15D: ICY
15E: XYD   7
15F: LXI   #$4
160: LYI   #$1
161: ICM
162: JMP   $0165
165: XD    2
166: AI    #$F
167: JMP   $016A
168: XD    2
169: JMP   $014D
14D: LYI   #$1
14E: L
14F: RSTC
150: OUTO
151: LYI   #$2
152: L
153: SETC
154: OUTO
155: LXI   #$7
156: XYD   7
157: INK
158: ST
159: INK
15A: EOR
15B: TSTZ
15C: JMP   $0157
15D: ICY
15E: XYD   7
15F: LXI   #$4
160: LYI   #$1
161: ICM
162: JMP   $0165
165: XD    2
166: AI    #$F
167: JMP   $016A
168: XD    2
169: JMP   $014D

   (loops for 52 instructions)

16A: LXI   #$4
16B: LYI   #$7
16C: RBIT  0
16D: LYI   #$C
16E: SETR
16F: LYI   #$D
170: SETR
171: RTS
496: LI    #$0
497: LXI   #$7
498: LYI   #$0
499: TBIT  0
49A: JMP   $04A0
49B: LXI   #$3
49C: LYI   #$8
49D: C
49E: JPL   $04BE
4BE: LYI   #$1
4BF: CALL  $045B
45B: XYD   7
45C: LYI   #$1
45D: XYD   7
45E: LXI   #$7
45F: L
460: ICY
461: XYD   7
462: LXI   #$4
463: ST
464: ICY
465: CYI   #$4
466: JPL   $045D
45D: XYD   7
45E: LXI   #$7
45F: L
460: ICY
461: XYD   7
462: LXI   #$4
463: ST
464: ICY
465: CYI   #$4
466: JPL   $045D

   (loops for 10 instructions)

468: RTS
4C1: JPL   $04BD
4BD: RTS
7B2: JPL   $0706
706: LXI   #$0
707: LYI   #$E
708: TTLA
709: STIC
70A: TTHA
70B: ST
70C: CALL  $0176
176: LXI   #$4
177: LYI   #$7
178: SBIT  0
179: LYI   #$3
17A: L
17B: CI    #$3
17C: JPL   $0183
183: CI    #$2
184: JMP   $0186
186: LYI   #$C
187: RSTR
188: LYI   #$1
189: L
18A: RSTC
18B: OUTO
18C: LYI   #$2
18D: L
18E: SETC
18F: OUTO
190: LYI   #$0
191: INK
192: ST
193: INK
194: EOR
195: TSTZ
196: JMP   $0191
197: L
198: LYI   #$1
199: ICM
19A: JMP   $019D
19D: LYI   #$7
19E: RBIT  0
19F: LYI   #$C
1A0: SETR
1A1: LYI   #$D
1A2: SETR
1A3: RTS
70E: JPA   #$1D
744: CALL  $06BC
6BC: CALL  $0176
176: LXI   #$4
177: LYI   #$7
178: SBIT  0
179: LYI   #$3
17A: L
17B: CI    #$3
17C: JPL   $0183
183: CI    #$2
184: JMP   $0186
186: LYI   #$C
187: RSTR
188: LYI   #$1
189: L
18A: RSTC
18B: OUTO
18C: LYI   #$2
18D: L
18E: SETC
18F: OUTO
190: LYI   #$0
191: INK
192: ST
193: INK
194: EOR
195: TSTZ
196: JMP   $0191
197: L
198: LYI   #$1
199: ICM
19A: JMP   $019D
19D: LYI   #$7
19E: RBIT  0
19F: LYI   #$C
1A0: SETR
1A1: LYI   #$D
1A2: SETR
1A3: RTS
6BE: TAY
6BF: XYD   5
6C0: RTS
746: JPL   $0706
706: LXI   #$0
707: LYI   #$E
708: TTLA
709: STIC
70A: TTHA
70B: ST
70C: CALL  $0176
176: LXI   #$4
177: LYI   #$7
178: SBIT  0
179: LYI   #$3
17A: L
17B: CI    #$3
17C: JPL   $0183
183: CI    #$2
184: JMP   $0186
186: LYI   #$C
187: RSTR
188: LYI   #$1
189: L
18A: RSTC
18B: OUTO
18C: LYI   #$2
18D: L
18E: SETC
18F: OUTO
190: LYI   #$0
191: INK
192: ST
193: INK
194: EOR
195: TSTZ
196: JMP   $0191
197: L
198: LYI   #$1
199: ICM
19A: JMP   $019D
19D: LYI   #$7
19E: RBIT  0
19F: LYI   #$C
1A0: SETR
1A1: LYI   #$D
1A2: SETR
1A3: RTS
70E: JPA   #$1D
778: CALL  $0176
176: LXI   #$4
177: LYI   #$7
178: SBIT  0
179: LYI   #$3
17A: L
17B: CI    #$3
17C: JPL   $0183
183: CI    #$2
184: JMP   $0186
186: LYI   #$C
187: RSTR
188: LYI   #$1
189: L
18A: RSTC
18B: OUTO
18C: LYI   #$2
18D: L
18E: SETC
18F: OUTO
190: LYI   #$0
191: INK
192: ST
193: INK
194: EOR
195: TSTZ
196: JMP   $0191
197: L
198: LYI   #$1
199: ICM
19A: JMP   $019D
19D: LYI   #$7
19E: RBIT  0
19F: LYI   #$C
1A0: SETR
1A1: LYI   #$D
1A2: SETR
1A3: RTS
77A: JPA   #$1E
7B0: CALL  $0493
493: LI    #$3
494: CALL  $0139
139: XD    2
13A: LXI   #$4
13B: LYI   #$7
13C: SBIT  0
13D: LYI   #$3
13E: L
13F: CI    #$3
140: JMP   $0146
146: CI    #$2
147: JMP   $0149
149: LYI   #$C
14A: RSTR
14B: LYI   #$0
14C: XYD   7
14D: LYI   #$1
14E: L
14F: RSTC
150: OUTO
151: LYI   #$2
152: L
153: SETC
154: OUTO
155: LXI   #$7
156: XYD   7
157: INK
158: ST
159: INK
15A: EOR
15B: TSTZ
15C: JMP   $0157
15D: ICY
15E: XYD   7
15F: LXI   #$4
160: LYI   #$1
161: ICM
162: JMP   $0165
165: XD    2
166: AI    #$F
167: JMP   $016A
168: XD    2
169: JMP   $014D
14D: LYI   #$1
14E: L
14F: RSTC
150: OUTO
151: LYI   #$2
152: L
153: SETC
154: OUTO
155: LXI   #$7
156: XYD   7
157: INK
158: ST
159: INK
15A: EOR
15B: TSTZ
15C: JMP   $0157
15D: ICY
15E: XYD   7
15F: LXI   #$4
160: LYI   #$1
161: ICM
162: JMP   $0165
165: XD    2
166: AI    #$F
167: JMP   $016A
168: XD    2
169: JMP   $014D

   (loops for 52 instructions)

16A: LXI   #$4
16B: LYI   #$7
16C: RBIT  0
16D: LYI   #$C
16E: SETR
16F: LYI   #$D
170: SETR
171: RTS
496: LI    #$0
497: LXI   #$7
498: LYI   #$0
499: TBIT  0
49A: JMP   $04A0
4A0: LXI   #$7
4A1: LYI   #$0
4A2: TBIT  1
4A3: JMP   $04A9
4A9: LXI   #$7
4AA: LYI   #$0
4AB: TBIT  2
4AC: JPL   $04B3
4AE: LXI   #$3
4AF: LYI   #$A
4B0: C
4B1: JPL   $04BE
4BE: LYI   #$1
4BF: CALL  $045B
45B: XYD   7
45C: LYI   #$1
45D: XYD   7
45E: LXI   #$7
45F: L
460: ICY
461: XYD   7
462: LXI   #$4
463: ST
464: ICY
465: CYI   #$4
466: JPL   $045D
45D: XYD   7
45E: LXI   #$7
45F: L
460: ICY
461: XYD   7
462: LXI   #$4
463: ST
464: ICY
465: CYI   #$4
466: JPL   $045D

   (loops for 10 instructions)

468: RTS
4C1: JPL   $04BD
4BD: RTS
7B2: JPL   $0706
706: LXI   #$0
707: LYI   #$E
708: TTLA
709: STIC
70A: TTHA
70B: ST
70C: CALL  $0176
176: LXI   #$4
177: LYI   #$7
178: SBIT  0
179: LYI   #$3
17A: L
17B: CI    #$3
17C: JPL   $0183
183: CI    #$2
184: JMP   $0186
186: LYI   #$C
187: RSTR
188: LYI   #$1
189: L
18A: RSTC
18B: OUTO
18C: LYI   #$2
18D: L
18E: SETC
18F: OUTO
190: LYI   #$0
191: INK
192: ST
193: INK
194: EOR
195: TSTZ
196: JMP   $0191
197: L
198: LYI   #$1
199: ICM
19A: JMP   $019D
19D: LYI   #$7
19E: RBIT  0
19F: LYI   #$C
1A0: SETR
1A1: LYI   #$D
1A2: SETR
1A3: RTS
70E: JPA   #$1D
744: CALL  $06BC
6BC: CALL  $0176
176: LXI   #$4
177: LYI   #$7
178: SBIT  0
179: LYI   #$3
17A: L
17B: CI    #$3
17C: JPL   $0183
183: CI    #$2
184: JMP   $0186
186: LYI   #$C
187: RSTR
188: LYI   #$1
189: L
18A: RSTC
18B: OUTO
18C: LYI   #$2
18D: L
18E: SETC
18F: OUTO
190: LYI   #$0
191: INK
192: ST
193: INK
194: EOR
195: TSTZ
196: JMP   $0191
197: L
198: LYI   #$1
199: ICM
19A: JMP   $019D
19D: LYI   #$7
19E: RBIT  0
19F: LYI   #$C
1A0: SETR
1A1: LYI   #$D
1A2: SETR
1A3: RTS
6BE: TAY
6BF: XYD   5
6C0: RTS
746: JPL   $0706
706: LXI   #$0
707: LYI   #$E
708: TTLA
709: STIC
70A: TTHA
70B: ST
70C: CALL  $0176
176: LXI   #$4
177: LYI   #$7
178: SBIT  0
179: LYI   #$3
17A: L
17B: CI    #$3
17C: JPL   $0183
183: CI    #$2
184: JMP   $0186
186: LYI   #$C
187: RSTR
188: LYI   #$1
189: L
18A: RSTC
18B: OUTO
18C: LYI   #$2
18D: L
18E: SETC
18F: OUTO
190: LYI   #$0
191: INK
192: ST
193: INK
194: EOR
195: TSTZ
196: JMP   $0191
197: L
198: LYI   #$1
199: ICM
19A: JMP   $019D
19D: LYI   #$7
19E: RBIT  0
19F: LYI   #$C
1A0: SETR
1A1: LYI   #$D
1A2: SETR
1A3: RTS
70E: JPA   #$1D
778: CALL  $0176
176: LXI   #$4
177: LYI   #$7
178: SBIT  0
179: LYI   #$3
17A: L
17B: CI    #$3
17C: JPL   $0183
183: CI    #$2
184: JMP   $0186
186: LYI   #$C
187: RSTR
188: LYI   #$1
189: L
18A: RSTC
18B: OUTO
18C: LYI   #$2
18D: L
18E: SETC
18F: OUTO
190: LYI   #$0
191: INK
192: ST
193: INK
194: EOR
195: TSTZ
196: JMP   $0191
197: L
198: LYI   #$1
199: ICM
19A: JMP   $019D
19D: LYI   #$7
19E: RBIT  0
19F: LYI   #$C
1A0: SETR
1A1: LYI   #$D
1A2: SETR
1A3: RTS
77A: JPA   #$1E
7B0: CALL  $0493
493: LI    #$3
494: CALL  $0139
139: XD    2
13A: LXI   #$4
13B: LYI   #$7
13C: SBIT  0
13D: LYI   #$3
13E: L
13F: CI    #$3
140: JMP   $0146
146: CI    #$2
147: JMP   $0149
149: LYI   #$C
14A: RSTR
14B: LYI   #$0
14C: XYD   7
14D: LYI   #$1
14E: L
14F: RSTC
150: OUTO
151: LYI   #$2
152: L
153: SETC
154: OUTO
155: LXI   #$7
156: XYD   7
157: INK
158: ST
159: INK
15A: EOR
15B: TSTZ
15C: JMP   $0157
15D: ICY
15E: XYD   7
15F: LXI   #$4
160: LYI   #$1
161: ICM
162: JMP   $0165
165: XD    2
166: AI    #$F
167: JMP   $016A
168: XD    2
169: JMP   $014D
14D: LYI   #$1
14E: L
14F: RSTC
150: OUTO
151: LYI   #$2
152: L
153: SETC
154: OUTO
155: LXI   #$7
156: XYD   7
157: INK
158: ST
159: INK
15A: EOR
15B: TSTZ
15C: JMP   $0157
15D: ICY
15E: XYD   7
15F: LXI   #$4
160: LYI   #$1
161: ICM
162: JMP   $0165
165: XD    2
166: AI    #$F
167: JMP   $016A
168: XD    2
169: JMP   $014D

   (loops for 52 instructions)

16A: LXI   #$4
16B: LYI   #$7
16C: RBIT  0
16D: LYI   #$C
16E: SETR
16F: LYI   #$D
170: SETR
171: RTS
496: LI    #$0
497: LXI   #$7
498: LYI   #$0
499: TBIT  0
49A: JMP   $04A0
49B: LXI   #$3
49C: LYI   #$8
49D: C
49E: JPL   $04BE
4BE: LYI   #$1
4BF: CALL  $045B
45B: XYD   7
45C: LYI   #$1
45D: XYD   7
45E: LXI   #$7
45F: L
460: ICY
461: XYD   7
462: LXI   #$4
463: ST
464: ICY
465: CYI   #$4
466: JPL   $045D
45D: XYD   7
45E: LXI   #$7
45F: L
460: ICY
461: XYD   7
462: LXI   #$4
463: ST
464: ICY
465: CYI   #$4
466: JPL   $045D

   (loops for 10 instructions)

468: RTS
4C1: JPL   $04BD
4BD: RTS
7B2: JPL   $0706
706: LXI   #$0
707: LYI   #$E
708: TTLA
709: STIC
70A: TTHA
70B: ST
70C: CALL  $0176
176: LXI   #$4
177: LYI   #$7
178: SBIT  0
179: LYI   #$3
17A: L
17B: CI    #$3
17C: JPL   $0183
183: CI    #$2
184: JMP   $0186
186: LYI   #$C
187: RSTR
188: LYI   #$1
189: L
